<html>
<body>
<pre>
<h1>礦ision Build Log</h1>
<h2>Tool Versions:</h2>
IDE-Version: μVision V5.14.0.0
Copyright (C) 2015 ARM Ltd and ARM Germany GmbH. All rights reserved.
License Information: 孙跃祥 孙跃祥, 中国科学院大学, LIC=585II-T5D6E-Z9JG9-4EFF3-H2EWY-XZLVB
 
Tool Versions:
Toolchain:       MDK-ARM Standard  Version: 5.14.0.0
Toolchain Path:  D:\KEIL FOR ARM\ARM\ARMCC\Bin
C Compiler:      Armcc.exe V5.05 update 1 (build 106)
Assembler:       Armasm.exe V5.05 update 1 (build 106)
Linker/Locator:  ArmLink.exe V5.05 update 1 (build 106)
Library Manager: ArmAr.exe V5.05 update 1 (build 106)
Hex Converter:   FromElf.exe V5.05 update 1 (build 106)
CPU DLL:         SARM.DLL V5.14.0.0
Dialog DLL:      DARMSS9.DLL V1.07 
<h2>Project:</h2>
G:\苏嵌-ARM\项目\孙跃祥-电子相册-串口版\电子相册-串口版.uvproj
Project File Date:  08/08/2017

<h2>Output:</h2>
Rebuild target 'Target 1'
assembling 2451init.s...
assembling 2451slib.s...
compiling main.c...
compiling delay.c...
compiling clock.c...
compiling s3c2451_led.c...
compiling s3c2451_gpio.c...
compiling key.c...
compiling s3c2451_uart.c...
compiling s3c2451_irq.c...
compiling s3c2451_it.c...
compiling s3c2451_time.c...
compiling ascii.c...
compiling S3C2451_lcd.c...
compiling 198_187_24.c...
compiling 272_272_24.c...
compiling 198_198_24.c...
compiling chinese.c...
compiling s3c2451_adc.c...
compiling s3c2451_rtc.c...
compiling 439_126_24.c...
compiling 407_89_24.c...
compiling 474_88_24.c...
compiling 480_272_24.c...
compiling 214_206_24.c...
linking...
Program Size: Code=20064 RO-data=1251784 RW-data=56 ZI-data=522320  
After Build - User command #1: fromelf.exe --bin -o BIN/Mini2451_Demo.bin Objects/Mini2451_Demo.axf
".\Objects\Mini2451_Demo.axf" - 0 Error(s), 0 Warning(s).
</pre>
</body>
</html>
